Γû▓ Next.js 16.1.6 (Turbopack)
- Environments: .env.local

  Creating an optimized production build ...
Γ£ô Compiled successfully in 17.8s
  Running TypeScript ...
node.exe : Failed to compile.
At line:1 char:1
+ & "C:\Program Files\nodejs/node.exe" "C:\Program 
Files\nodejs/node_mo ...
+ ~~~~~~~~~~~~~~~~~~~~~~~~~~~~~~~~~~~~~~~~~~~~~~~~~~~~~
~~~~~~~~~~~~~~~~
    + CategoryInfo          : NotSpecified: (Failed to 
    compile.:String) [], RemoteException
    + FullyQualifiedErrorId : NativeCommandError
 

./src/app/page.tsx:202:16
Type error: Cannot find name 'Home'.

[0m [90m 200 |[39m           
[33m<[39m[33mdiv[39m 
className[33m=[39m[32m"bg-[#1A1740] border 
border-white/5 rounded-3xl p-10 
space-y-6"[39m[33m>[39m
 [90m 201 |[39m             [33m<[39m[33mdiv[39m 
className[33m=[39m[32m"w-12 h-12 bg-purple-500/10 
rounded-2xl flex items-center justify-center 
text-purple-400"[39m[33m>[39m
[31m[1m>[22m[39m[90m 202 |[39m               
[33m<[39m[33mHome[39m 
className[33m=[39m[32m"w-6 h-6"[39m 
[33m/[39m[33m>[39m
 [90m     |[39m                [31m[1m^[22m[39m
 [90m 203 |[39m             
[33m<[39m[33m/[39m[33mdiv[39m[33m>[39m
 [90m 204 |[39m             [33m<[39m[33mh3[39m 
className[33m=[39m[32m"text-xl font-black 
text-white italic"[39m[33m>[39m[33mRank[39m 
[33m&[39m [33mRent[39m [33mAutomation[39m[33m<[
39m[33m/[39m[33mh3[39m[33m>[39m
 [90m 205 |[39m             [33m<[39m[33mp[39m 
className[33m=[39m[32m"text-slate-400 text-sm 
leading-relaxed 
font-medium"[39m[33m>[39m[33mBulk[39m generate 
[35m5[39m[33m,[39m[35m000[39m pages [36min[39m 
[35m10[39m minutes[33m.[39m [33mAuto[39m 
internal linking[33m.[39m [33mAuto[39m 
deploy[33m.[39m [33mThe[39m system that changed eve
rything[33m.[39m[33m<[39m[33m/[39m[33mp[39m[33
m>[39m[0m
Next.js build worker exited with code: 1 and signal: 
null
